[Licensing::Module] Trying to connect to existing licensing client channel...
Built from '6000.3/respin/6000.3.5f1-a1ec4b2f2d19' branch; Version is '6000.3.5f2 (3fa8bc678cb0) revision 4171964'; Using compiler version '194234433'; Build Type 'Release'
[Licensing::IpcConnector] Successfully connected to: "LicenseClient-BrighamBoice" at "2026-02-18T00:16:31.0907937Z"
OS: 'Windows 11  (10.0.26200) Professional' Language: 'en' Physical Memory: 65220 MB
BatchMode: 1, IsHumanControllingUs: 0, StartBugReporterOnCrash: 0, Is64bit: 1
System  architecture: x64
Process architecture: x64
Date: 2026-02-18T00:16:31Z

COMMAND LINE ARGUMENTS:
C:\Program Files\Unity\Hub\Editor\6000.3.5f2\Editor\Unity.exe
-adb2
-batchMode
-noUpm
-name
AssetImportWorker4
-projectPath
C:/Users/BrighamBoice/source/repos/Mechanics Class/Flour/Flour/Flour2
-logFile
Logs/AssetImportWorker4.log
-srvPort
62181
-job-worker-count
9
-background-job-worker-count
8
-gc-helper-count
1
-name
AssetImport
Successfully changed project path to: C:/Users/BrighamBoice/source/repos/Mechanics Class/Flour/Flour/Flour2
C:/Users/BrighamBoice/source/repos/Mechanics Class/Flour/Flour/Flour2
[UnityMemory] Configuration Parameters - Can be set up in boot.config
    "memorysetup-temp-allocator-size-nav-mesh-worker=65536"
    "memorysetup-temp-allocator-size-audio-worker=65536"
    "memorysetup-temp-allocator-size-gfx=262144"
    "memorysetup-allocator-temp-initial-block-size-main=262144"
    "memorysetup-allocator-temp-initial-block-size-worker=262144"
    "memorysetup-temp-allocator-size-background-worker=32768"
    "memorysetup-temp-allocator-size-job-worker=262144"
    "memorysetup-temp-allocator-size-preload-manager=33554432"
    "memorysetup-temp-allocator-size-gi-baking-worker=262144"
    "memorysetup-temp-allocator-size-gi-baking-worker=262144"
    "memorysetup-temp-allocator-size-gi-baking-worker=262144"
    "memorysetup-temp-allocator-size-gi-baking-worker=262144"
    "memorysetup-temp-allocator-size-gi-baking-worker=262144"
    "memorysetup-bucket-allocator-granularity=16"
    "memorysetup-bucket-allocator-bucket-count=8"
    "memorysetup-bucket-allocator-block-size=33554432"
    "memorysetup-bucket-allocator-block-count=8"
    "memorysetup-main-allocator-block-size=16777216"
    "memorysetup-thread-allocator-block-size=16777216"
    "memorysetup-gfx-main-allocator-block-size=16777216"
    "memorysetup-gfx-thread-allocator-block-size=16777216"
    "memorysetup-cache-allocator-block-size=4194304"
    "memorysetup-typetree-allocator-block-size=2097152"
    "memorysetup-profiler-bucket-allocator-granularity=16"
    "memorysetup-profiler-bucket-allocator-bucket-count=8"
    "memorysetup-profiler-bucket-allocator-block-size=33554432"
    "memorysetup-profiler-bucket-allocator-block-count=8"
    "memorysetup-profiler-allocator-block-size=16777216"
    "memorysetup-profiler-editor-allocator-block-size=1048576"
    "memorysetup-temp-allocator-size-main=16777216"
    "memorysetup-job-temp-allocator-block-size=2097152"
    "memorysetup-job-temp-allocator-block-size-background=1048576"
    "memorysetup-job-temp-allocator-reduction-small-platforms=262144"
    "memorysetup-temp-allocator-size-cloud-worker=32768"
Player connection [41608]  Target information:

Player connection [41608]  * "[IP] 10.0.0.206 [Port] 0 [Flags] 2 [Guid] 3345079719 [EditorId] 3345079719 [Version] 1048832 [Id] WindowsEditor(7,DESKTOP-7UIGEF9) [Debug] 1 [PackageName] WindowsEditor [ProjectName] Editor" 

Player connection [41608] Host joined multi-casting on [225.0.0.222:54997]...
Player connection [41608] Host joined alternative multi-casting on [225.0.0.222:34997]...
JobSystem: Creating JobQueue using job-worker-count value 9
Input System module state changed to: Initialized.
[Physics::Module] Initialized fallback backend.
[Physics::Module] Id: 0xdecafbad
Library Redirect Path: Library/
[Physics::Module] Selected backend.
[Physics::Module] Name: PhysX
[Physics::Module] Id: 0xf2b8ea05
[Physics::Module] SDK Version: 4.1.2
[Physics::Module] Integration Version: 1.0.0
[Physics::Module] Threading Mode: Multi-Threaded
Refreshing native plugins compatible for Editor in 5.51 ms, found 4 plugins.
Preloading 0 native plugins for Editor in 0.00 ms.
Initialize engine version: 6000.3.5f2 (3fa8bc678cb0)
[Subsystems] Discovering subsystems at path C:/Program Files/Unity/Hub/Editor/6000.3.5f2/Editor/Data/Resources/UnitySubsystems
[Subsystems] Discovering subsystems at path C:/Users/BrighamBoice/source/repos/Mechanics Class/Flour/Flour/Flour2/Assets
GfxDevice: creating device client; kGfxThreadingModeNonThreaded
Direct3D:
    Version:  Direct3D 11.0 [level 11.1]
    Renderer: NVIDIA GeForce RTX 4070 Laptop GPU (ID=0x2820)
    Vendor:   NVIDIA
    VRAM:     7951 MB
    Driver:   32.0.15.8195
Initialize mono
Mono path[0] = 'C:/Program Files/Unity/Hub/Editor/6000.3.5f2/Editor/Data/Managed'
Mono path[1] = 'C:/Program Files/Unity/Hub/Editor/6000.3.5f2/Editor/Data/MonoBleedingEdge/lib/mono/unityjit-win32'
Mono config path = 'C:/Program Files/Unity/Hub/Editor/6000.3.5f2/Editor/Data/MonoBleedingEdge/etc'
Using monoOptions --debugger-agent=transport=dt_socket,embedding=1,server=y,suspend=n,address=127.0.0.1:56124
Begin MonoManager ReloadAssembly
Registering precompiled unity dll's ...
Register platform support module: C:/Program Files/Unity/Hub/Editor/6000.3.5f2/Editor/Data/PlaybackEngines/WindowsStandaloneSupport/UnityEditor.WindowsStandalone.Extensions.dll
Registered in 0.002611 seconds.
- Loaded All Assemblies, in  0.589 seconds
Native extension for WindowsStandalone target not found
ScheduleIndexationOnStartup MainProcess:False IndexOnStartup:True
Mono: successfully reloaded assembly
- Finished resetting the current domain, in  0.683 seconds
Domain Reload Profiling: 1268ms
	BeginReloadAssembly (186ms)
		ExecutionOrderSort (0ms)
		DisableScriptedObjects (0ms)
		BackupInstance (0ms)
		ReleaseScriptingObjects (0ms)
		CreateAndSetChildDomain (1ms)
	RebuildCommonClasses (55ms)
	RebuildNativeTypeToScriptingClass (22ms)
	initialDomainReloadingComplete (71ms)
	LoadAllAssembliesAndSetupDomain (249ms)
		LoadAssemblies (180ms)
		RebuildTransferFunctionScriptingTraits (0ms)
		AnalyzeDomain (244ms)
			TypeCache.Refresh (242ms)
				TypeCache.ScanAssembly (224ms)
			BuildScriptInfoCaches (0ms)
			ResolveRequiredComponents (1ms)
	FinalizeReload (684ms)
		ReleaseScriptCaches (0ms)
		RebuildScriptCaches (0ms)
		SetupLoadedEditorAssemblies (603ms)
			LogAssemblyErrors (0ms)
			InitializePlatformSupportModulesInManaged (70ms)
			SetLoadedEditorAssemblies (8ms)
			BeforeProcessingInitializeOnLoad (160ms)
			ProcessInitializeOnLoadAttributes (242ms)
			ProcessInitializeOnLoadMethodAttributes (123ms)
			AfterProcessingInitializeOnLoad (0ms)
			EditorAssembliesLoaded (0ms)
		ExecutionOrderSort2 (0ms)
		AwakeInstancesAfterBackupRestoration (0ms)
[Licensing::Client] Handshaking with LicensingClient:
  Version:                 1.17.4+4293ba1
  Session Id:              56f0655a5e4d4a86a0244eb863c3c028
  Correlation Id:          ce7d0bc219e9b662f5262af99071f98c
  External correlation Id: 7710449238094951570
  Machine Id:              TxXV+qKcuvcfeHhiRi5sU0mKSTM=
[Licensing::Module] Successfully connected to LicensingClient on channel: "LicenseClient-BrighamBoice" (connect: 0.00s, validation: 0.00s, handshake: 3.15s)
[Licensing::IpcConnector] Successfully connected to: "LicenseClient-BrighamBoice-notifications" at "2026-02-18T00:16:34.2451228Z"
[Licensing::Module] Licensing Background thread has ended after 3.15s
========================================================================
Worker process is ready to serve import requests
Import Worker Mode flag is 0x00
Begin MonoManager ReloadAssembly
[Licensing::Client] Successfully resolved entitlement details
[Licensing::Module] License group:
  Id: 6528058-UnityPersXXXX
  Product: Unity Personal
  Type: Assigned
  Expiration: Unlimited
- Loaded All Assemblies, in  1.594 seconds
Refreshing native plugins compatible for Editor in 1.86 ms, found 4 plugins.
Native extension for WindowsStandalone target not found
Package Manager log level set to [2]
[Package Manager] Failed to launch server process. Reason: Unity was launched with the -noUpm command-line argument
[Package Manager] Unable to send message (not connected to server process).
[Package Manager] Cannot connect to Unity Package Manager local server
ScheduleIndexationOnStartup MainProcess:False IndexOnStartup:True
Mono: successfully reloaded assembly
- Finished resetting the current domain, in  1.541 seconds
Domain Reload Profiling: 3124ms
	BeginReloadAssembly (427ms)
		ExecutionOrderSort (0ms)
		DisableScriptedObjects (10ms)
		BackupInstance (0ms)
		ReleaseScriptingObjects (0ms)
		CreateAndSetChildDomain (63ms)
	RebuildCommonClasses (74ms)
	RebuildNativeTypeToScriptingClass (25ms)
	initialDomainReloadingComplete (70ms)
	LoadAllAssembliesAndSetupDomain (986ms)
		LoadAssemblies (815ms)
		RebuildTransferFunctionScriptingTraits (0ms)
		AnalyzeDomain (426ms)
			TypeCache.Refresh (278ms)
				TypeCache.ScanAssembly (258ms)
			BuildScriptInfoCaches (124ms)
			ResolveRequiredComponents (15ms)
	FinalizeReload (1542ms)
		ReleaseScriptCaches (0ms)
		RebuildScriptCaches (0ms)
		SetupLoadedEditorAssemblies (1348ms)
			LogAssemblyErrors (0ms)
			InitializePlatformSupportModulesInManaged (2ms)
			SetLoadedEditorAssemblies (7ms)
			BeforeProcessingInitializeOnLoad (386ms)
			ProcessInitializeOnLoadAttributes (736ms)
			ProcessInitializeOnLoadMethodAttributes (208ms)
			AfterProcessingInitializeOnLoad (8ms)
			EditorAssembliesLoaded (0ms)
		ExecutionOrderSort2 (0ms)
		AwakeInstancesAfterBackupRestoration (10ms)
Launched and connected shader compiler UnityShaderCompiler.exe after 0.03 seconds
Refreshing native plugins compatible for Editor in 2.76 ms, found 4 plugins.
Preloading 0 native plugins for Editor in 0.00 ms.
Unloading 16 Unused Serialized files (Serialized files now loaded: 0)
Unloading 6909 unused Assets / (4.3 MB). Loaded Objects now: 7726.
Memory consumption went from 160.6 MB to 156.3 MB.
Total: 10.369700 ms (FindLiveObjects: 0.586600 ms CreateObjectMapping: 0.423600 ms MarkObjects: 7.129400 ms  DeleteObjects: 2.228400 ms)

========================================================================
Received Import Request.
  Time since last request: 571320.650051 seconds.
  path: Assets/Art/Water-Sheet-export.png
  artifactKey: Guid(697edc0a202b63d4580c0759411770d4) Importer(2089858483,b0f066a214c2f5e87bad3c948f4d605d)
Start importing Assets/Art/Water-Sheet-export.png using Guid(697edc0a202b63d4580c0759411770d4) Importer(2089858483,b0f066a214c2f5e87bad3c948f4d605d) (ScriptedImporter) -> (artifact id: '286203906cc01ac8a905abddf22f08f3') in 0.239755 seconds
Number of updated asset objects reloaded before import = 0Number of asset objects unloaded after import = 5

========================================================================
Received Import Request.
  Time since last request: 0.000045 seconds.
  path: Assets/Art/Floor.prefab
  artifactKey: Guid(cb9d906c9135d8d4a93f9dc6e2d7fcd2) Importer(2089858483,b0f066a214c2f5e87bad3c948f4d605d)
Start importing Assets/Art/Floor.prefab using Guid(cb9d906c9135d8d4a93f9dc6e2d7fcd2) Importer(2089858483,b0f066a214c2f5e87bad3c948f4d605d) (ScriptedImporter) -> (artifact id: 'd5a59df61afc6327a32ff3b302de3fe9') in 0.061855 seconds
Number of updated asset objects reloaded before import = 0Number of asset objects unloaded after import = 10

========================================================================
Received Import Request.
  Time since last request: 0.000039 seconds.
  path: Assets/Art/gray cloud 2.png
  artifactKey: Guid(d3894348bb3e2ba40ba415484a69759a) Importer(2089858483,b0f066a214c2f5e87bad3c948f4d605d)
Start importing Assets/Art/gray cloud 2.png using Guid(d3894348bb3e2ba40ba415484a69759a) Importer(2089858483,b0f066a214c2f5e87bad3c948f4d605d) (ScriptedImporter) -> (artifact id: '836966a52045c37399c97b31ae09bca8') in 0.0389992 seconds
Number of updated asset objects reloaded before import = 0Number of asset objects unloaded after import = 3

========================================================================
Received Import Request.
  Time since last request: 0.000036 seconds.
  path: Assets/Art/white cloud 1.png
  artifactKey: Guid(5c2d6c1b58d7fc840a9d65227132b63a) Importer(2089858483,b0f066a214c2f5e87bad3c948f4d605d)
Start importing Assets/Art/white cloud 1.png using Guid(5c2d6c1b58d7fc840a9d65227132b63a) Importer(2089858483,b0f066a214c2f5e87bad3c948f4d605d) (ScriptedImporter) -> (artifact id: '6565f0b332e39217e97fcc267c9f018d') in 0.0374183 seconds
Number of updated asset objects reloaded before import = 0Number of asset objects unloaded after import = 3

========================================================================
Received Import Request.
  Time since last request: 0.000047 seconds.
  path: Assets/Art/Floor_0.asset
  artifactKey: Guid(9dd4b52348b47b14ebb8479a93298a3a) Importer(2089858483,b0f066a214c2f5e87bad3c948f4d605d)
Start importing Assets/Art/Floor_0.asset using Guid(9dd4b52348b47b14ebb8479a93298a3a) Importer(2089858483,b0f066a214c2f5e87bad3c948f4d605d) (ScriptedImporter) -> (artifact id: '554c7ba93f3b0f8530feb2f6d71e320b') in 0.0385679 seconds
Number of updated asset objects reloaded before import = 0Number of asset objects unloaded after import = 2

========================================================================
Received Import Request.
  Time since last request: 0.000039 seconds.
  path: Assets/Art/SFX
  artifactKey: Guid(afabe5896c5ed1a43bdf52a61c23c225) Importer(2089858483,b0f066a214c2f5e87bad3c948f4d605d)
Start importing Assets/Art/SFX using Guid(afabe5896c5ed1a43bdf52a61c23c225) Importer(2089858483,b0f066a214c2f5e87bad3c948f4d605d) (ScriptedImporter) -> (artifact id: '0d1c06ae708ae1d12c7a73a298196a72') in 0.0264221 seconds
Number of updated asset objects reloaded before import = 0Number of asset objects unloaded after import = 1

========================================================================
Received Import Request.
  Time since last request: 12.597732 seconds.
  path: Assets/Scripts/ClickController.asset
  artifactKey: Guid(4d3c01329caf7d84da29f1a3b0a304d5) Importer(2089858483,b0f066a214c2f5e87bad3c948f4d605d)
Start importing Assets/Scripts/ClickController.asset using Guid(4d3c01329caf7d84da29f1a3b0a304d5) Importer(2089858483,b0f066a214c2f5e87bad3c948f4d605d) (ScriptedImporter) -> (artifact id: '7fa4e5753a55a4b09c530d105a823155') in 1.2275425 seconds
Number of updated asset objects reloaded before import = 0Number of asset objects unloaded after import = 1

========================================================================
Received Import Request.
  Time since last request: 5.288248 seconds.
  path: Assets/Scripts/ClickController.asset
  artifactKey: Guid(4d3c01329caf7d84da29f1a3b0a304d5) Importer(815301076,1909f56bfc062723c751e8b465ee728b)
Start importing Assets/Scripts/ClickController.asset using Guid(4d3c01329caf7d84da29f1a3b0a304d5) Importer(815301076,1909f56bfc062723c751e8b465ee728b) (PreviewImporter) -> (artifact id: '15ef0eb22b282d31e19cd9aceb8ae9aa') in 0.0323891 seconds
Number of updated asset objects reloaded before import = 0Number of asset objects unloaded after import = 1

========================================================================
Received Import Request.
  Time since last request: 66.306212 seconds.
  path: Assets/Unity.VisualScripting.Generated/VisualScripting.Flow/UnitOptions.db
  artifactKey: Guid(ebb985e3b813e2c41bbf2194c962b91c) Importer(2089858483,b0f066a214c2f5e87bad3c948f4d605d)
Start importing Assets/Unity.VisualScripting.Generated/VisualScripting.Flow/UnitOptions.db using Guid(ebb985e3b813e2c41bbf2194c962b91c) Importer(2089858483,b0f066a214c2f5e87bad3c948f4d605d) (ScriptedImporter) -> (artifact id: 'd3a67c719125736e2421064a256eb17a') in 0.0315551 seconds
Number of updated asset objects reloaded before import = 0Number of asset objects unloaded after import = 1

========================================================================
Received Import Request.
  Time since last request: 0.000022 seconds.
  path: Assets/Unity.VisualScripting.Generated
  artifactKey: Guid(bfc995551ba2e1b4a8ae54eb4659d803) Importer(2089858483,b0f066a214c2f5e87bad3c948f4d605d)
Start importing Assets/Unity.VisualScripting.Generated using Guid(bfc995551ba2e1b4a8ae54eb4659d803) Importer(2089858483,b0f066a214c2f5e87bad3c948f4d605d) (ScriptedImporter) -> (artifact id: '8fa17d0bf7c92ba9c923358477d55992') in 0.0273346 seconds
Number of updated asset objects reloaded before import = 0Number of asset objects unloaded after import = 1

========================================================================
Received Import Request.
  Time since last request: 31.482005 seconds.
  path: Assets/Scenes/SampleScene.unity
  artifactKey: Guid(8c9cfa26abfee488c85f1582747f6a02) Importer(2089858483,b0f066a214c2f5e87bad3c948f4d605d)
Start importing Assets/Scenes/SampleScene.unity using Guid(8c9cfa26abfee488c85f1582747f6a02) Importer(2089858483,b0f066a214c2f5e87bad3c948f4d605d) (ScriptedImporter) -> (artifact id: '7879bc43fe0f23d39bc2083a1e24f06a') in 0.0323371 seconds
Number of updated asset objects reloaded before import = 0Number of asset objects unloaded after import = 1

========================================================================
Received Import Request.
  Time since last request: 9.402262 seconds.
  path: Assets/Scenes/ChapterMain.unity
  artifactKey: Guid(0939d54ab99c56447b9e496021683005) Importer(2089858483,b0f066a214c2f5e87bad3c948f4d605d)
Start importing Assets/Scenes/ChapterMain.unity using Guid(0939d54ab99c56447b9e496021683005) Importer(2089858483,b0f066a214c2f5e87bad3c948f4d605d) (ScriptedImporter) -> (artifact id: '553103378fb10adfcab12b24f3d5f057') in 0.0295722 seconds
Number of updated asset objects reloaded before import = 0Number of asset objects unloaded after import = 1

========================================================================
Received Import Request.
  Time since last request: 39.865092 seconds.
  path: Assets/Scenes/ChapterMain.unity
  artifactKey: Guid(0939d54ab99c56447b9e496021683005) Importer(2089858483,b0f066a214c2f5e87bad3c948f4d605d)
Start importing Assets/Scenes/ChapterMain.unity using Guid(0939d54ab99c56447b9e496021683005) Importer(2089858483,b0f066a214c2f5e87bad3c948f4d605d) (ScriptedImporter) -> (artifact id: '21f1436fe289c7b1203f4168c974cbfa') in 0.0352228 seconds
Number of updated asset objects reloaded before import = 0Number of asset objects unloaded after import = 1

========================================================================
Received Import Request.
  Time since last request: 4.520270 seconds.
  path: Assets/Scenes/ChapterMain.unity
  artifactKey: Guid(0939d54ab99c56447b9e496021683005) Importer(2089858483,b0f066a214c2f5e87bad3c948f4d605d)
Start importing Assets/Scenes/ChapterMain.unity using Guid(0939d54ab99c56447b9e496021683005) Importer(2089858483,b0f066a214c2f5e87bad3c948f4d605d) (ScriptedImporter) -> (artifact id: '77b289b2da3b98e12fb16bbf98d0a8fc') in 0.0315055 seconds
Number of updated asset objects reloaded before import = 0Number of asset objects unloaded after import = 1

========================================================================
Received Import Request.
  Time since last request: 30.288300 seconds.
  path: Assets/Scenes/ChapterMain.unity
  artifactKey: Guid(0939d54ab99c56447b9e496021683005) Importer(2089858483,b0f066a214c2f5e87bad3c948f4d605d)
Start importing Assets/Scenes/ChapterMain.unity using Guid(0939d54ab99c56447b9e496021683005) Importer(2089858483,b0f066a214c2f5e87bad3c948f4d605d) (ScriptedImporter) -> (artifact id: 'eb33fa8ed275fb8234f810c7e82032cc') in 0.0389225 seconds
Number of updated asset objects reloaded before import = 0Number of asset objects unloaded after import = 1

========================================================================
Received Import Request.
  Time since last request: 4.867858 seconds.
  path: Assets/Scenes/ChapterMain.unity
  artifactKey: Guid(0939d54ab99c56447b9e496021683005) Importer(2089858483,b0f066a214c2f5e87bad3c948f4d605d)
Start importing Assets/Scenes/ChapterMain.unity using Guid(0939d54ab99c56447b9e496021683005) Importer(2089858483,b0f066a214c2f5e87bad3c948f4d605d) (ScriptedImporter) -> (artifact id: '12b151377bba10a751fdac933cbfd387') in 0.0299261 seconds
Number of updated asset objects reloaded before import = 0Number of asset objects unloaded after import = 1

========================================================================
Received Import Request.
  Time since last request: 7.022174 seconds.
  path: Assets/Prefabs
  artifactKey: Guid(7b188c0ab1bdc314e90e27780a35ddff) Importer(815301076,1909f56bfc062723c751e8b465ee728b)
Start importing Assets/Prefabs using Guid(7b188c0ab1bdc314e90e27780a35ddff) Importer(815301076,1909f56bfc062723c751e8b465ee728b) (PreviewImporter) -> (artifact id: '366004be849ea7fb9c60ce8d960e3ddc') in 0.0007836 seconds
Number of updated asset objects reloaded before import = 0Number of asset objects unloaded after import = 0

========================================================================
Received Import Request.
  Time since last request: 0.845489 seconds.
  path: Assets/Prefabs
  artifactKey: Guid(7b188c0ab1bdc314e90e27780a35ddff) Importer(2089858483,b0f066a214c2f5e87bad3c948f4d605d)
Start importing Assets/Prefabs using Guid(7b188c0ab1bdc314e90e27780a35ddff) Importer(2089858483,b0f066a214c2f5e87bad3c948f4d605d) (ScriptedImporter) -> (artifact id: '6444ecd87af89a362920e36425ef5c34') in 0.0290207 seconds
Number of updated asset objects reloaded before import = 0Number of asset objects unloaded after import = 1

========================================================================
Received Import Request.
  Time since last request: 1.175602 seconds.
  path: Assets/Prefabs/SceneManager.prefab
  artifactKey: Guid(cedd98f5ca066c94a889055b1ec14dcd) Importer(815301076,1909f56bfc062723c751e8b465ee728b)
Start importing Assets/Prefabs/SceneManager.prefab using Guid(cedd98f5ca066c94a889055b1ec14dcd) Importer(815301076,1909f56bfc062723c751e8b465ee728b) (PreviewImporter) -> (artifact id: '4c645e99224e6492fa46341d35b3a9fe') in 0.0354649 seconds
Number of updated asset objects reloaded before import = 0Number of asset objects unloaded after import = 17

========================================================================
Received Import Request.
  Time since last request: 0.836394 seconds.
  path: Assets/Prefabs/SceneManager.prefab
  artifactKey: Guid(cedd98f5ca066c94a889055b1ec14dcd) Importer(2089858483,b0f066a214c2f5e87bad3c948f4d605d)
Start importing Assets/Prefabs/SceneManager.prefab using Guid(cedd98f5ca066c94a889055b1ec14dcd) Importer(2089858483,b0f066a214c2f5e87bad3c948f4d605d) (ScriptedImporter) -> (artifact id: 'b7837d4add7418ec294fa389d2fb44f2') in 0.0488682 seconds
Number of updated asset objects reloaded before import = 0Number of asset objects unloaded after import = 17

========================================================================
Received Import Request.
  Time since last request: 1.036988 seconds.
  path: Assets/Scenes/ChapterMain.unity
  artifactKey: Guid(0939d54ab99c56447b9e496021683005) Importer(2089858483,b0f066a214c2f5e87bad3c948f4d605d)
Start importing Assets/Scenes/ChapterMain.unity using Guid(0939d54ab99c56447b9e496021683005) Importer(2089858483,b0f066a214c2f5e87bad3c948f4d605d) (ScriptedImporter) -> (artifact id: '6051c11960944e357e26634eebf33323') in 0.0399468 seconds
Number of updated asset objects reloaded before import = 0Number of asset objects unloaded after import = 1

========================================================================
Received Import Request.
  Time since last request: 37.967036 seconds.
  path: Assets/Art/Birds.ase
  artifactKey: Guid(dad75082f37800b48a1be34a61f74840) Importer(815301076,1909f56bfc062723c751e8b465ee728b)
Start importing Assets/Art/Birds.ase using Guid(dad75082f37800b48a1be34a61f74840) Importer(815301076,1909f56bfc062723c751e8b465ee728b) (PreviewImporter)
=================================================================
	Native Crash Reporting
=================================================================
Got a UNKNOWN while executing native code. This usually indicates
a fatal error in the mono runtime or one of the native libraries 
used by your application.
=================================================================

=================================================================
	Managed Stacktrace:
=================================================================
	  at <unknown> <0xffffffff>
	  at System.String:FastAllocateString <0x000c1>
	  at System.String:Concat <0x00342>
	  at Widget:GenerateQueryPath <0x001da>
	  at Container:GenerateQueryPath <0x001be>
	  at Container:GenerateQueryPath <0x001be>
	  at Container:GenerateQueryPath <0x001be>
	  at Container:GenerateQueryPath <0x001be>
	  at Panel:SetDirty <0x00186>
	  at Panel:OnItemAdded <0x0017a>
	  at UnityEngine.Rendering.ObservableList`1:OnEvent <0x0014b>
	  at UnityEngine.Rendering.ObservableList`1:Add <0x001f2>
	  at UnityEngine.Rendering.ObservableList`1:Add <0x0010a>
	  at <>c__DisplayClass3_0:<RegisterDebug>b__0 <0x0053a>
	  at UnityEngine.Rendering.DebugDisplaySettings`1:ForEach <0x001b2>
	  at UnityEngine.Rendering.DebugDisplaySettingsUI:RegisterDebug <0x00461>
	  at UnityEngine.Rendering.Universal.UniversalRenderPipeline:.ctor <0x00f92>
	  at UnityEngine.Rendering.Universal.UniversalRenderPipelineAsset:CreatePipeline <0x003ba>
	  at UnityEngine.Rendering.RenderPipelineAsset:InternalCreatePipeline <0x0012d>
	  at UnityEngine.Rendering.RenderPipelineManager:TryPrepareRenderPipeline <0x001d2>
	  at UnityEngine.Rendering.RenderPipelineManager:DoRenderLoop_Internal <0x000f2>
	  at <Module>:runtime_invoke_void_object_intptr_object_AtomicSafetyHandle <0x00234>
	  at <unknown> <0xffffffff>
	  at UnityEngine.Camera:Render_Injected <0x000c1>
	  at UnityEngine.Camera:Render <0x00112>
	  at UnityEditor.PreviewRenderUtility:Render <0x00a0a>
	  at UnityEditor.GameObjectInspector:DoRenderPreview <0x011e2>
	  at UnityEditor.GameObjectInspector:RenderStaticPreview <0x0037a>
	  at UnityEditor.AssetPreviewUpdater:CreatePreview <0x004b9>
	  at UnityEditor.AssetPreviewUpdater:CreatePreviewForAsset <0x000aa>
	  at <Module>:runtime_invoke_object_object_object_object <0x001af>
=================================================================
 -> (artifact id: 'ca819055ced087a72a13ff5a14683f91') in 0.6201477 seconds
Number of updated asset objects reloaded before import = 0Number of asset objects unloaded after import = 24

========================================================================
Received Import Request.
  Time since last request: 1.902956 seconds.
  path: Assets/Art/Birds-Sheet.png
  artifactKey: Guid(f4409d1757472fe46a9a11853ad26f1d) Importer(815301076,1909f56bfc062723c751e8b465ee728b)
Start importing Assets/Art/Birds-Sheet.png using Guid(f4409d1757472fe46a9a11853ad26f1d) Importer(815301076,1909f56bfc062723c751e8b465ee728b) (PreviewImporter) -> (artifact id: '1393a46043d96cdc586e29870ba20be0') in 0.0768793 seconds
Number of updated asset objects reloaded before import = 0Number of asset objects unloaded after import = 11

========================================================================
Received Import Request.
  Time since last request: 2.218145 seconds.
  path: Assets/Art/black cloud.png
  artifactKey: Guid(ad63856317ba02a418876a9da9f206e2) Importer(815301076,1909f56bfc062723c751e8b465ee728b)
Start importing Assets/Art/black cloud.png using Guid(ad63856317ba02a418876a9da9f206e2) Importer(815301076,1909f56bfc062723c751e8b465ee728b) (PreviewImporter) -> (artifact id: 'b03f4e137f8daaf0e9f11fc91c521752') in 0.0391574 seconds
Number of updated asset objects reloaded before import = 0Number of asset objects unloaded after import = 3

========================================================================
Received Import Request.
  Time since last request: 0.084127 seconds.
  path: Assets/Art/black cloud 2.png
  artifactKey: Guid(a4272259ccb78324985b3f577bb50059) Importer(815301076,1909f56bfc062723c751e8b465ee728b)
Start importing Assets/Art/black cloud 2.png using Guid(a4272259ccb78324985b3f577bb50059) Importer(815301076,1909f56bfc062723c751e8b465ee728b) (PreviewImporter) -> (artifact id: '6a25bda037fc41f5b2d55e15628e4649') in 0.0373127 seconds
Number of updated asset objects reloaded before import = 0Number of asset objects unloaded after import = 3

========================================================================
Received Import Request.
  Time since last request: 0.003446 seconds.
  path: Assets/Art/Floor.png
  artifactKey: Guid(c92b95d7d52234341b15964491d24e21) Importer(815301076,1909f56bfc062723c751e8b465ee728b)
Start importing Assets/Art/Floor.png using Guid(c92b95d7d52234341b15964491d24e21) Importer(815301076,1909f56bfc062723c751e8b465ee728b) (PreviewImporter) -> (artifact id: '7702e11f587cd87382b1d5fdc6ecd7b9') in 0.0403547 seconds
Number of updated asset objects reloaded before import = 0Number of asset objects unloaded after import = 4

========================================================================
Received Import Request.
  Time since last request: 0.050973 seconds.
  path: Assets/Art/Floor.prefab
  artifactKey: Guid(cb9d906c9135d8d4a93f9dc6e2d7fcd2) Importer(815301076,1909f56bfc062723c751e8b465ee728b)
Start importing Assets/Art/Floor.prefab using Guid(cb9d906c9135d8d4a93f9dc6e2d7fcd2) Importer(815301076,1909f56bfc062723c751e8b465ee728b) (PreviewImporter) -> (artifact id: 'e990c518ee205e23910b0190b529abe3') in 0.041389 seconds
Number of updated asset objects reloaded before import = 0Number of asset objects unloaded after import = 15

========================================================================
Received Import Request.
  Time since last request: 0.098844 seconds.
  path: Assets/Art/Floor_0.asset
  artifactKey: Guid(9dd4b52348b47b14ebb8479a93298a3a) Importer(815301076,1909f56bfc062723c751e8b465ee728b)
Start importing Assets/Art/Floor_0.asset using Guid(9dd4b52348b47b14ebb8479a93298a3a) Importer(815301076,1909f56bfc062723c751e8b465ee728b) (PreviewImporter) -> (artifact id: '3099227ba955c7fbfe57ea9e32f1287e') in 0.0592415 seconds
Number of updated asset objects reloaded before import = 0Number of asset objects unloaded after import = 3

========================================================================
Received Import Request.
  Time since last request: 0.020393 seconds.
  path: Assets/Art/Floor_1.asset
  artifactKey: Guid(fbf3442b5c35d1447a2bf95a6f6884c8) Importer(815301076,1909f56bfc062723c751e8b465ee728b)
Start importing Assets/Art/Floor_1.asset using Guid(fbf3442b5c35d1447a2bf95a6f6884c8) Importer(815301076,1909f56bfc062723c751e8b465ee728b) (PreviewImporter) -> (artifact id: '4ecf11c2013dc2018db69400daa06989') in 0.0285344 seconds
Number of updated asset objects reloaded before import = 0Number of asset objects unloaded after import = 3

========================================================================
Received Import Request.
  Time since last request: 28.672097 seconds.
  path: Assets/Art/sky1.jpg
  artifactKey: Guid(79ee77ebdc673a24e9a47bb271f58a95) Importer(815301076,1909f56bfc062723c751e8b465ee728b)
Start importing Assets/Art/sky1.jpg using Guid(79ee77ebdc673a24e9a47bb271f58a95) Importer(815301076,1909f56bfc062723c751e8b465ee728b) (PreviewImporter) -> (artifact id: 'c734d6813af8d508c5da6c2a875614d0') in 0.0394961 seconds
Number of updated asset objects reloaded before import = 0Number of asset objects unloaded after import = 3

========================================================================
Received Import Request.
  Time since last request: 1.449051 seconds.
  path: Assets/Art/sky2.jpg
  artifactKey: Guid(8a7e88dbb99c8204b9dbf86fea0b052b) Importer(815301076,1909f56bfc062723c751e8b465ee728b)
Start importing Assets/Art/sky2.jpg using Guid(8a7e88dbb99c8204b9dbf86fea0b052b) Importer(815301076,1909f56bfc062723c751e8b465ee728b) (PreviewImporter) -> (artifact id: 'ef6234856ca9be2f3e896e67e71569e5') in 0.0403551 seconds
Number of updated asset objects reloaded before import = 0Number of asset objects unloaded after import = 3

========================================================================
Received Import Request.
  Time since last request: 0.612178 seconds.
  path: Assets/Art/sky3.jpg
  artifactKey: Guid(440e6384aa122b549aefdcb1a8761068) Importer(815301076,1909f56bfc062723c751e8b465ee728b)
Start importing Assets/Art/sky3.jpg using Guid(440e6384aa122b549aefdcb1a8761068) Importer(815301076,1909f56bfc062723c751e8b465ee728b) (PreviewImporter) -> (artifact id: 'c1be055e0a53a83c4c2064eccc634d93') in 0.0358528 seconds
Number of updated asset objects reloaded before import = 0Number of asset objects unloaded after import = 3

========================================================================
Received Import Request.
  Time since last request: 0.311672 seconds.
  path: Assets/Art/sky4.jpg
  artifactKey: Guid(20803dcd82659e44c9867688dbab9427) Importer(815301076,1909f56bfc062723c751e8b465ee728b)
Start importing Assets/Art/sky4.jpg using Guid(20803dcd82659e44c9867688dbab9427) Importer(815301076,1909f56bfc062723c751e8b465ee728b) (PreviewImporter) -> (artifact id: 'ef027b6a2636c8e41f130a4fd622186a') in 0.0391112 seconds
Number of updated asset objects reloaded before import = 0Number of asset objects unloaded after import = 3

========================================================================
Received Import Request.
  Time since last request: 0.361553 seconds.
  path: Assets/Art/sky5.jpg
  artifactKey: Guid(db5c9b1032c375e43a882971f96f6b06) Importer(815301076,1909f56bfc062723c751e8b465ee728b)
Start importing Assets/Art/sky5.jpg using Guid(db5c9b1032c375e43a882971f96f6b06) Importer(815301076,1909f56bfc062723c751e8b465ee728b) (PreviewImporter) -> (artifact id: 'f8e4213688058a2f301aa7f01b45e411') in 0.0355691 seconds
Number of updated asset objects reloaded before import = 0Number of asset objects unloaded after import = 3

========================================================================
Received Import Request.
  Time since last request: 9.306513 seconds.
  path: Assets/Art/Lightning.png
  artifactKey: Guid(df370daf19348ff449da44709795e58d) Importer(815301076,1909f56bfc062723c751e8b465ee728b)
Start importing Assets/Art/Lightning.png using Guid(df370daf19348ff449da44709795e58d) Importer(815301076,1909f56bfc062723c751e8b465ee728b) (PreviewImporter) -> (artifact id: 'c6d0669c427f0e016858fc01895de2d2') in 0.0453003 seconds
Number of updated asset objects reloaded before import = 0Number of asset objects unloaded after import = 4

========================================================================
Received Import Request.
  Time since last request: 28.136896 seconds.
  path: Assets/Scenes/ChapterMain.unity
  artifactKey: Guid(0939d54ab99c56447b9e496021683005) Importer(2089858483,b0f066a214c2f5e87bad3c948f4d605d)
Start importing Assets/Scenes/ChapterMain.unity using Guid(0939d54ab99c56447b9e496021683005) Importer(2089858483,b0f066a214c2f5e87bad3c948f4d605d) (ScriptedImporter) -> (artifact id: '025c545e750401711ba0043dd8dd50f0') in 0.0433162 seconds
Number of updated asset objects reloaded before import = 0Number of asset objects unloaded after import = 1

========================================================================
Received Import Request.
  Time since last request: 11.002461 seconds.
  path: Assets/Scenes/ChapterMain.unity
  artifactKey: Guid(0939d54ab99c56447b9e496021683005) Importer(2089858483,b0f066a214c2f5e87bad3c948f4d605d)
Start importing Assets/Scenes/ChapterMain.unity using Guid(0939d54ab99c56447b9e496021683005) Importer(2089858483,b0f066a214c2f5e87bad3c948f4d605d) (ScriptedImporter) -> (artifact id: '8c1c85022cd5510d8a1e85fa61e6d081') in 0.0338448 seconds
Number of updated asset objects reloaded before import = 0Number of asset objects unloaded after import = 1

========================================================================
Received Import Request.
  Time since last request: 5.213101 seconds.
  path: Assets/Scenes/ChapterMain.unity
  artifactKey: Guid(0939d54ab99c56447b9e496021683005) Importer(2089858483,b0f066a214c2f5e87bad3c948f4d605d)
Start importing Assets/Scenes/ChapterMain.unity using Guid(0939d54ab99c56447b9e496021683005) Importer(2089858483,b0f066a214c2f5e87bad3c948f4d605d) (ScriptedImporter) -> (artifact id: '0ea7973e7fc876579d74ca316b828e51') in 0.0416028 seconds
Number of updated asset objects reloaded before import = 0Number of asset objects unloaded after import = 1

========================================================================
Received Import Request.
  Time since last request: 58.872884 seconds.
  path: Assets/Scenes/ChapterMain.unity
  artifactKey: Guid(0939d54ab99c56447b9e496021683005) Importer(2089858483,b0f066a214c2f5e87bad3c948f4d605d)
Start importing Assets/Scenes/ChapterMain.unity using Guid(0939d54ab99c56447b9e496021683005) Importer(2089858483,b0f066a214c2f5e87bad3c948f4d605d) (ScriptedImporter) -> (artifact id: '5c741c8c61349ab9154473c93c34f61b') in 0.0405017 seconds
Number of updated asset objects reloaded before import = 0Number of asset objects unloaded after import = 1

========================================================================
Received Import Request.
  Time since last request: 3.937801 seconds.
  path: Assets/Prefabs/SceneManager.prefab
  artifactKey: Guid(cedd98f5ca066c94a889055b1ec14dcd) Importer(2089858483,b0f066a214c2f5e87bad3c948f4d605d)
Start importing Assets/Prefabs/SceneManager.prefab using Guid(cedd98f5ca066c94a889055b1ec14dcd) Importer(2089858483,b0f066a214c2f5e87bad3c948f4d605d) (ScriptedImporter) -> (artifact id: '4961375b11d1738410e665e0a77f7b80') in 0.054344 seconds
Number of updated asset objects reloaded before import = 0Number of asset objects unloaded after import = 42

========================================================================
Received Import Request.
  Time since last request: 17.749595 seconds.
  path: Assets/Scenes/ChapterMain.unity
  artifactKey: Guid(0939d54ab99c56447b9e496021683005) Importer(2089858483,b0f066a214c2f5e87bad3c948f4d605d)
Start importing Assets/Scenes/ChapterMain.unity using Guid(0939d54ab99c56447b9e496021683005) Importer(2089858483,b0f066a214c2f5e87bad3c948f4d605d) (ScriptedImporter) -> (artifact id: 'be3eb1fcb0ad325300e5570281c779e9') in 0.0440428 seconds
Number of updated asset objects reloaded before import = 0Number of asset objects unloaded after import = 1

========================================================================
Received Import Request.
  Time since last request: 44.223452 seconds.
  path: Assets/Scenes/ChapterMain.unity
  artifactKey: Guid(0939d54ab99c56447b9e496021683005) Importer(2089858483,b0f066a214c2f5e87bad3c948f4d605d)
Start importing Assets/Scenes/ChapterMain.unity using Guid(0939d54ab99c56447b9e496021683005) Importer(2089858483,b0f066a214c2f5e87bad3c948f4d605d) (ScriptedImporter) -> (artifact id: '6a4917f4aaca4aad319cdf2203a060c1') in 0.0334953 seconds
Number of updated asset objects reloaded before import = 0Number of asset objects unloaded after import = 1

========================================================================
Received Import Request.
  Time since last request: 8.422653 seconds.
  path: Assets/Scenes/ChapterMain.unity
  artifactKey: Guid(0939d54ab99c56447b9e496021683005) Importer(2089858483,b0f066a214c2f5e87bad3c948f4d605d)
Start importing Assets/Scenes/ChapterMain.unity using Guid(0939d54ab99c56447b9e496021683005) Importer(2089858483,b0f066a214c2f5e87bad3c948f4d605d) (ScriptedImporter) -> (artifact id: 'a8cbc69f120b73b72ab27c7f0e1c8db9') in 0.0338724 seconds
Number of updated asset objects reloaded before import = 0Number of asset objects unloaded after import = 1

========================================================================
Received Import Request.
  Time since last request: 4.710845 seconds.
  path: Assets/Scenes/ChapterMain.unity
  artifactKey: Guid(0939d54ab99c56447b9e496021683005) Importer(2089858483,b0f066a214c2f5e87bad3c948f4d605d)
Start importing Assets/Scenes/ChapterMain.unity using Guid(0939d54ab99c56447b9e496021683005) Importer(2089858483,b0f066a214c2f5e87bad3c948f4d605d) (ScriptedImporter) -> (artifact id: 'c5ed0d1c83706d54d492e43167f4508b') in 0.0349867 seconds
Number of updated asset objects reloaded before import = 0Number of asset objects unloaded after import = 1

========================================================================
Received Import Request.
  Time since last request: 19.354861 seconds.
  path: Assets/Scenes/ChapterMain.unity
  artifactKey: Guid(0939d54ab99c56447b9e496021683005) Importer(2089858483,b0f066a214c2f5e87bad3c948f4d605d)
Start importing Assets/Scenes/ChapterMain.unity using Guid(0939d54ab99c56447b9e496021683005) Importer(2089858483,b0f066a214c2f5e87bad3c948f4d605d) (ScriptedImporter) -> (artifact id: '7dbfee8f5c90f22bb73db4c7abfdd021') in 0.0368102 seconds
Number of updated asset objects reloaded before import = 0Number of asset objects unloaded after import = 1

========================================================================
Received Import Request.
  Time since last request: 18.161703 seconds.
  path: Assets/Scenes/ChapterMain.unity
  artifactKey: Guid(0939d54ab99c56447b9e496021683005) Importer(2089858483,b0f066a214c2f5e87bad3c948f4d605d)
Start importing Assets/Scenes/ChapterMain.unity using Guid(0939d54ab99c56447b9e496021683005) Importer(2089858483,b0f066a214c2f5e87bad3c948f4d605d) (ScriptedImporter) -> (artifact id: 'd6de609dce0192983d78d2e5d4020533') in 0.0420351 seconds
Number of updated asset objects reloaded before import = 0Number of asset objects unloaded after import = 1

========================================================================
Received Import Request.
  Time since last request: 3.071438 seconds.
  path: Assets/Prefabs/SceneManager.prefab
  artifactKey: Guid(cedd98f5ca066c94a889055b1ec14dcd) Importer(2089858483,b0f066a214c2f5e87bad3c948f4d605d)
Start importing Assets/Prefabs/SceneManager.prefab using Guid(cedd98f5ca066c94a889055b1ec14dcd) Importer(2089858483,b0f066a214c2f5e87bad3c948f4d605d) (ScriptedImporter) -> (artifact id: '47bd06b573ea7f458be098603febc3b1') in 0.0531558 seconds
Number of updated asset objects reloaded before import = 0Number of asset objects unloaded after import = 59

========================================================================
Received Import Request.
  Time since last request: 10.378410 seconds.
  path: Assets/Prefabs/SceneManager.prefab
  artifactKey: Guid(cedd98f5ca066c94a889055b1ec14dcd) Importer(2089858483,b0f066a214c2f5e87bad3c948f4d605d)
Start importing Assets/Prefabs/SceneManager.prefab using Guid(cedd98f5ca066c94a889055b1ec14dcd) Importer(2089858483,b0f066a214c2f5e87bad3c948f4d605d) (ScriptedImporter) -> (artifact id: '0bb6dcd5d43928751c4de070c401db9c') in 0.0428692 seconds
Number of updated asset objects reloaded before import = 0Number of asset objects unloaded after import = 59

========================================================================
Received Import Request.
  Time since last request: 3.221076 seconds.
  path: Assets/Prefabs/SceneManager.prefab
  artifactKey: Guid(cedd98f5ca066c94a889055b1ec14dcd) Importer(2089858483,b0f066a214c2f5e87bad3c948f4d605d)
Start importing Assets/Prefabs/SceneManager.prefab using Guid(cedd98f5ca066c94a889055b1ec14dcd) Importer(2089858483,b0f066a214c2f5e87bad3c948f4d605d) (ScriptedImporter) -> (artifact id: '2f4b62a4c2dd69f220e1cec406e682b9') in 0.0367033 seconds
Number of updated asset objects reloaded before import = 0Number of asset objects unloaded after import = 56

========================================================================
Received Import Request.
  Time since last request: 54.400297 seconds.
  path: Assets/Scenes/ChapterMain.unity
  artifactKey: Guid(0939d54ab99c56447b9e496021683005) Importer(2089858483,b0f066a214c2f5e87bad3c948f4d605d)
Start importing Assets/Scenes/ChapterMain.unity using Guid(0939d54ab99c56447b9e496021683005) Importer(2089858483,b0f066a214c2f5e87bad3c948f4d605d) (ScriptedImporter) -> (artifact id: 'c0e18f320341369e5e8129417fb8d120') in 0.0347555 seconds
Number of updated asset objects reloaded before import = 0Number of asset objects unloaded after import = 1

========================================================================
Received Prepare
Begin MonoManager ReloadAssembly
[Licensing::Client] Successfully resolved entitlement details
- Loaded All Assemblies, in  1.242 seconds
Refreshing native plugins compatible for Editor in 1.86 ms, found 4 plugins.
Native extension for WindowsStandalone target not found
[Package Manager] Failed to launch server process. Reason: Unity was launched with the -noUpm command-line argument
[Package Manager] Unable to send message (not connected to server process).
[Package Manager] Cannot connect to Unity Package Manager local server
ScheduleIndexationOnStartup MainProcess:False IndexOnStartup:True
Mono: successfully reloaded assembly
- Finished resetting the current domain, in  1.405 seconds
Domain Reload Profiling: 2644ms
	BeginReloadAssembly (372ms)
		ExecutionOrderSort (0ms)
		DisableScriptedObjects (40ms)
		BackupInstance (0ms)
		ReleaseScriptingObjects (0ms)
		CreateAndSetChildDomain (111ms)
	RebuildCommonClasses (49ms)
	RebuildNativeTypeToScriptingClass (19ms)
	initialDomainReloadingComplete (40ms)
	LoadAllAssembliesAndSetupDomain (758ms)
		LoadAssemblies (581ms)
		RebuildTransferFunctionScriptingTraits (0ms)
		AnalyzeDomain (316ms)
			TypeCache.Refresh (9ms)
				TypeCache.ScanAssembly (0ms)
			BuildScriptInfoCaches (284ms)
			ResolveRequiredComponents (15ms)
	FinalizeReload (1405ms)
		ReleaseScriptCaches (0ms)
		RebuildScriptCaches (0ms)
		SetupLoadedEditorAssemblies (1171ms)
			LogAssemblyErrors (0ms)
			InitializePlatformSupportModulesInManaged (3ms)
			SetLoadedEditorAssemblies (7ms)
			BeforeProcessingInitializeOnLoad (346ms)
			ProcessInitializeOnLoadAttributes (657ms)
			ProcessInitializeOnLoadMethodAttributes (149ms)
			AfterProcessingInitializeOnLoad (8ms)
			EditorAssembliesLoaded (1ms)
		ExecutionOrderSort2 (0ms)
		AwakeInstancesAfterBackupRestoration (25ms)
Refreshing native plugins compatible for Editor in 2.42 ms, found 4 plugins.
Preloading 0 native plugins for Editor in 0.00 ms.
Unloading 16 Unused Serialized files (Serialized files now loaded: 0)
Unloading 6907 unused Assets / (3.9 MB). Loaded Objects now: 7789.
Memory consumption went from 163.7 MB to 159.9 MB.
Total: 11.669200 ms (FindLiveObjects: 0.562200 ms CreateObjectMapping: 0.451600 ms MarkObjects: 8.434800 ms  DeleteObjects: 2.218300 ms)

Prepare: number of updated asset objects reloaded= 0
========================================================================
Received Prepare
Begin MonoManager ReloadAssembly
- Loaded All Assemblies, in  1.178 seconds
Refreshing native plugins compatible for Editor in 2.11 ms, found 4 plugins.
Native extension for WindowsStandalone target not found
[Package Manager] Failed to launch server process. Reason: Unity was launched with the -noUpm command-line argument
[Package Manager] Unable to send message (not connected to server process).
[Package Manager] Cannot connect to Unity Package Manager local server
ScheduleIndexationOnStartup MainProcess:False IndexOnStartup:True
Mono: successfully reloaded assembly
- Finished resetting the current domain, in  1.392 seconds
Domain Reload Profiling: 2567ms
	BeginReloadAssembly (300ms)
		ExecutionOrderSort (0ms)
		DisableScriptedObjects (19ms)
		BackupInstance (0ms)
		ReleaseScriptingObjects (0ms)
		CreateAndSetChildDomain (65ms)
	RebuildCommonClasses (49ms)
	RebuildNativeTypeToScriptingClass (19ms)
	initialDomainReloadingComplete (40ms)
	LoadAllAssembliesAndSetupDomain (768ms)
		LoadAssemblies (593ms)
		RebuildTransferFunctionScriptingTraits (0ms)
		AnalyzeDomain (314ms)
			TypeCache.Refresh (10ms)
				TypeCache.ScanAssembly (0ms)
			BuildScriptInfoCaches (283ms)
			ResolveRequiredComponents (14ms)
	FinalizeReload (1393ms)
		ReleaseScriptCaches (0ms)
		RebuildScriptCaches (0ms)
		SetupLoadedEditorAssemblies (1167ms)
			LogAssemblyErrors (0ms)
			InitializePlatformSupportModulesInManaged (3ms)
			SetLoadedEditorAssemblies (9ms)
			BeforeProcessingInitializeOnLoad (345ms)
			ProcessInitializeOnLoadAttributes (670ms)
			ProcessInitializeOnLoadMethodAttributes (128ms)
			AfterProcessingInitializeOnLoad (11ms)
			EditorAssembliesLoaded (0ms)
		ExecutionOrderSort2 (0ms)
		AwakeInstancesAfterBackupRestoration (24ms)
Refreshing native plugins compatible for Editor in 2.17 ms, found 4 plugins.
Preloading 0 native plugins for Editor in 0.00 ms.
Unloading 16 Unused Serialized files (Serialized files now loaded: 0)
Unloading 6907 unused Assets / (3.8 MB). Loaded Objects now: 7792.
Memory consumption went from 163.7 MB to 159.8 MB.
Total: 10.449200 ms (FindLiveObjects: 0.660900 ms CreateObjectMapping: 0.469000 ms MarkObjects: 7.071600 ms  DeleteObjects: 2.245300 ms)

Prepare: number of updated asset objects reloaded= 0
========================================================================
Received Import Request.
  Time since last request: 54.600294 seconds.
  path: Assets/Art/gray cloud.png
  artifactKey: Guid(c7c263f2f6990b043a11d99281a99238) Importer(815301076,1909f56bfc062723c751e8b465ee728b)
Start importing Assets/Art/gray cloud.png using Guid(c7c263f2f6990b043a11d99281a99238) Importer(815301076,1909f56bfc062723c751e8b465ee728b) (PreviewImporter) -> (artifact id: 'bcbf41d06b0294524a63bc8431245c6c') in 0.1264648 seconds
Number of updated asset objects reloaded before import = 0Number of asset objects unloaded after import = 3

========================================================================
Received Import Request.
  Time since last request: 0.108362 seconds.
  path: Assets/Art/gray cloud 2.png
  artifactKey: Guid(d3894348bb3e2ba40ba415484a69759a) Importer(815301076,1909f56bfc062723c751e8b465ee728b)
Start importing Assets/Art/gray cloud 2.png using Guid(d3894348bb3e2ba40ba415484a69759a) Importer(815301076,1909f56bfc062723c751e8b465ee728b) (PreviewImporter) -> (artifact id: 'dede3bdaea3006f7fc9f3bd2a62a015d') in 0.0343952 seconds
Number of updated asset objects reloaded before import = 0Number of asset objects unloaded after import = 3

========================================================================
Received Import Request.
  Time since last request: 1.580459 seconds.
  path: Assets/Art/sun.png
  artifactKey: Guid(4373510811aa21c4abe74bbc9df4bc41) Importer(815301076,1909f56bfc062723c751e8b465ee728b)
Start importing Assets/Art/sun.png using Guid(4373510811aa21c4abe74bbc9df4bc41) Importer(815301076,1909f56bfc062723c751e8b465ee728b) (PreviewImporter) -> (artifact id: '3d2c63889d323818d01f5d8f6d3d3b36') in 0.0447809 seconds
Number of updated asset objects reloaded before import = 0Number of asset objects unloaded after import = 3

========================================================================
Received Import Request.
  Time since last request: 0.132559 seconds.
  path: Assets/Art/Sunflower.ase
  artifactKey: Guid(3f30d5c9d31ac5b4c9c65a921bdaaa72) Importer(815301076,1909f56bfc062723c751e8b465ee728b)
Start importing Assets/Art/Sunflower.ase using Guid(3f30d5c9d31ac5b4c9c65a921bdaaa72) Importer(815301076,1909f56bfc062723c751e8b465ee728b) (PreviewImporter) -> (artifact id: 'd879ac2f03a71511368985e35da865ac') in 0.0417403 seconds
Number of updated asset objects reloaded before import = 0Number of asset objects unloaded after import = 2

========================================================================
Received Import Request.
  Time since last request: 0.092645 seconds.
  path: Assets/Art/Sunflower-Sheet.png
  artifactKey: Guid(c1d3deb22722e5c4190695d43b169ad4) Importer(815301076,1909f56bfc062723c751e8b465ee728b)
Start importing Assets/Art/Sunflower-Sheet.png using Guid(c1d3deb22722e5c4190695d43b169ad4) Importer(815301076,1909f56bfc062723c751e8b465ee728b) (PreviewImporter) -> (artifact id: '202009e35b97e345a3b578a7a14afd39') in 0.0879259 seconds
Number of updated asset objects reloaded before import = 0Number of asset objects unloaded after import = 14

========================================================================
Received Import Request.
  Time since last request: 0.187169 seconds.
  path: Assets/Art/Water-Sheet.png
  artifactKey: Guid(198f250e384a29f4bbf3a6e5b1298e50) Importer(815301076,1909f56bfc062723c751e8b465ee728b)
Start importing Assets/Art/Water-Sheet.png using Guid(198f250e384a29f4bbf3a6e5b1298e50) Importer(815301076,1909f56bfc062723c751e8b465ee728b) (PreviewImporter) -> (artifact id: 'c2b80532eaa63247932fc9fe9e223894') in 0.0550116 seconds
Number of updated asset objects reloaded before import = 0Number of asset objects unloaded after import = 5

========================================================================
Received Import Request.
  Time since last request: 1.244210 seconds.
  path: Assets/Art/Water-Sheet-export.png
  artifactKey: Guid(697edc0a202b63d4580c0759411770d4) Importer(815301076,1909f56bfc062723c751e8b465ee728b)
Start importing Assets/Art/Water-Sheet-export.png using Guid(697edc0a202b63d4580c0759411770d4) Importer(815301076,1909f56bfc062723c751e8b465ee728b) (PreviewImporter) -> (artifact id: 'cd3c1d90ebda2d42f4f2c441235101a3') in 0.0510763 seconds
Number of updated asset objects reloaded before import = 0Number of asset objects unloaded after import = 5

========================================================================
Received Import Request.
  Time since last request: 0.168511 seconds.
  path: Assets/Art/white cloud 1.png
  artifactKey: Guid(5c2d6c1b58d7fc840a9d65227132b63a) Importer(815301076,1909f56bfc062723c751e8b465ee728b)
Start importing Assets/Art/white cloud 1.png using Guid(5c2d6c1b58d7fc840a9d65227132b63a) Importer(815301076,1909f56bfc062723c751e8b465ee728b) (PreviewImporter) -> (artifact id: 'd7e4d06df26e0e829a6ef535df5f2318') in 0.0386901 seconds
Number of updated asset objects reloaded before import = 0Number of asset objects unloaded after import = 3

========================================================================
Received Import Request.
  Time since last request: 0.358224 seconds.
  path: Assets/Art/white cloud 2.png
  artifactKey: Guid(4791739dfd91d9b42b3f7c4038aa55c8) Importer(815301076,1909f56bfc062723c751e8b465ee728b)
Start importing Assets/Art/white cloud 2.png using Guid(4791739dfd91d9b42b3f7c4038aa55c8) Importer(815301076,1909f56bfc062723c751e8b465ee728b) (PreviewImporter) -> (artifact id: '2e84b7277a49d0dd07bf7a361c5d7886') in 0.0362605 seconds
Number of updated asset objects reloaded before import = 0Number of asset objects unloaded after import = 3

========================================================================
Received Import Request.
  Time since last request: 0.176328 seconds.
  path: Assets/Art/white cloud 3.png
  artifactKey: Guid(749c4d51b0f7462479693dc71c588056) Importer(815301076,1909f56bfc062723c751e8b465ee728b)
Start importing Assets/Art/white cloud 3.png using Guid(749c4d51b0f7462479693dc71c588056) Importer(815301076,1909f56bfc062723c751e8b465ee728b) (PreviewImporter) -> (artifact id: 'bd1b28d56e0332e2d10fe8e30a747e38') in 0.0364958 seconds
Number of updated asset objects reloaded before import = 0Number of asset objects unloaded after import = 3

========================================================================
Received Import Request.
  Time since last request: 0.139491 seconds.
  path: Assets/Art/wind 1.png
  artifactKey: Guid(841395db2b2adbc4581e80491c932a75) Importer(815301076,1909f56bfc062723c751e8b465ee728b)
Start importing Assets/Art/wind 1.png using Guid(841395db2b2adbc4581e80491c932a75) Importer(815301076,1909f56bfc062723c751e8b465ee728b) (PreviewImporter) -> (artifact id: 'afb97b605b76efe3c23b90fbb0164a49') in 0.0397413 seconds
Number of updated asset objects reloaded before import = 0Number of asset objects unloaded after import = 3

========================================================================
Received Import Request.
  Time since last request: 0.118687 seconds.
  path: Assets/Art/wind 2.png
  artifactKey: Guid(e1612cef335dfbb45baffbc0e0775181) Importer(815301076,1909f56bfc062723c751e8b465ee728b)
Start importing Assets/Art/wind 2.png using Guid(e1612cef335dfbb45baffbc0e0775181) Importer(815301076,1909f56bfc062723c751e8b465ee728b) (PreviewImporter) -> (artifact id: '589bb4a0ea104d43cccc1c4785a76ca3') in 0.0386118 seconds
Number of updated asset objects reloaded before import = 0Number of asset objects unloaded after import = 3

========================================================================
Received Prepare
Begin MonoManager ReloadAssembly
[Licensing::Client] Successfully resolved entitlement details
- Loaded All Assemblies, in  1.183 seconds
Refreshing native plugins compatible for Editor in 1.86 ms, found 4 plugins.
Native extension for WindowsStandalone target not found
[Package Manager] Failed to launch server process. Reason: Unity was launched with the -noUpm command-line argument
[Package Manager] Unable to send message (not connected to server process).
[Package Manager] Cannot connect to Unity Package Manager local server
ScheduleIndexationOnStartup MainProcess:False IndexOnStartup:True
Mono: successfully reloaded assembly
- Finished resetting the current domain, in  1.364 seconds
Domain Reload Profiling: 2545ms
	BeginReloadAssembly (304ms)
		ExecutionOrderSort (0ms)
		DisableScriptedObjects (19ms)
		BackupInstance (0ms)
		ReleaseScriptingObjects (0ms)
		CreateAndSetChildDomain (67ms)
	RebuildCommonClasses (51ms)
	RebuildNativeTypeToScriptingClass (18ms)
	initialDomainReloadingComplete (43ms)
	LoadAllAssembliesAndSetupDomain (763ms)
		LoadAssemblies (586ms)
		RebuildTransferFunctionScriptingTraits (0ms)
		AnalyzeDomain (313ms)
			TypeCache.Refresh (10ms)
				TypeCache.ScanAssembly (0ms)
			BuildScriptInfoCaches (278ms)
			ResolveRequiredComponents (17ms)
	FinalizeReload (1365ms)
		ReleaseScriptCaches (0ms)
		RebuildScriptCaches (0ms)
		SetupLoadedEditorAssemblies (1140ms)
			LogAssemblyErrors (0ms)
			InitializePlatformSupportModulesInManaged (3ms)
			SetLoadedEditorAssemblies (7ms)
			BeforeProcessingInitializeOnLoad (335ms)
			ProcessInitializeOnLoadAttributes (653ms)
			ProcessInitializeOnLoadMethodAttributes (133ms)
			AfterProcessingInitializeOnLoad (9ms)
			EditorAssembliesLoaded (1ms)
		ExecutionOrderSort2 (0ms)
		AwakeInstancesAfterBackupRestoration (23ms)
Refreshing native plugins compatible for Editor in 1.97 ms, found 4 plugins.
Preloading 0 native plugins for Editor in 0.00 ms.
Unloading 16 Unused Serialized files (Serialized files now loaded: 0)
Unloading 6907 unused Assets / (4.0 MB). Loaded Objects now: 7840.
Memory consumption went from 163.8 MB to 159.8 MB.
Total: 11.562600 ms (FindLiveObjects: 1.295800 ms CreateObjectMapping: 0.632900 ms MarkObjects: 7.210000 ms  DeleteObjects: 2.421700 ms)

Prepare: number of updated asset objects reloaded= 0
========================================================================
Received Import Request.
  Time since last request: 155.464235 seconds.
  path: Assets/Art/Birds.ase
  artifactKey: Guid(dad75082f37800b48a1be34a61f74840) Importer(815301076,1909f56bfc062723c751e8b465ee728b)
Start importing Assets/Art/Birds.ase using Guid(dad75082f37800b48a1be34a61f74840) Importer(815301076,1909f56bfc062723c751e8b465ee728b) (PreviewImporter) -> (artifact id: '076e728beff725417e21b97634dcbfb8') in 0.6308751 seconds
Number of updated asset objects reloaded before import = 0Number of asset objects unloaded after import = 24

========================================================================
Received Import Request.
  Time since last request: 47.751935 seconds.
  path: Assets/Art/Red.anim
  artifactKey: Guid(e5894feb10c067e45874a783b4bb24e1) Importer(815301076,1909f56bfc062723c751e8b465ee728b)
Start importing Assets/Art/Red.anim using Guid(e5894feb10c067e45874a783b4bb24e1) Importer(815301076,1909f56bfc062723c751e8b465ee728b) (PreviewImporter) -> (artifact id: '9fd8ece67617c50629ffe2b8d559710f') in 0.0017435 seconds
Number of updated asset objects reloaded before import = 0Number of asset objects unloaded after import = 1

========================================================================
Received Import Request.
  Time since last request: 21.663931 seconds.
  path: Assets/Art/Hawk.anim
  artifactKey: Guid(cd0c9bf0251fba54a938c0609c4c0815) Importer(815301076,1909f56bfc062723c751e8b465ee728b)
Start importing Assets/Art/Hawk.anim using Guid(cd0c9bf0251fba54a938c0609c4c0815) Importer(815301076,1909f56bfc062723c751e8b465ee728b) (PreviewImporter) -> (artifact id: 'f7e74622c992fbed5142983e97e062a7') in 0.0017208 seconds
Number of updated asset objects reloaded before import = 0Number of asset objects unloaded after import = 1

========================================================================
Received Import Request.
  Time since last request: 27.819396 seconds.
  path: Assets/Art/Birds.controller
  artifactKey: Guid(d8377f8d540bef044bf7507059a4ad97) Importer(815301076,1909f56bfc062723c751e8b465ee728b)
Start importing Assets/Art/Birds.controller using Guid(d8377f8d540bef044bf7507059a4ad97) Importer(815301076,1909f56bfc062723c751e8b465ee728b) (PreviewImporter) -> (artifact id: 'e8e2bfc9561e4dff3c8edd908932e7a7') in 0.0024639 seconds
Number of updated asset objects reloaded before import = 0Number of asset objects unloaded after import = 8

